2026-04-05 21:02:36 | INFO    | Log file: D:\Deep_Learning_V5\logs\train_mlp_2026-04-05_21-02-36.log
2026-04-05 21:02:36 | INFO    | ============================================================
2026-04-05 21:02:36 | INFO    | MALWARE DL ACTION RECOMMENDATION - MLP TRAINING
2026-04-05 21:02:36 | INFO    | ============================================================
2026-04-05 21:02:36 | INFO    | Device: cpu
2026-04-05 21:02:36 | INFO    | PyTorch version: 2.11.0+cpu
2026-04-05 21:02:36 | INFO    | 
────────────────────────────────────────
2026-04-05 21:02:36 | INFO    | STEP 1: Loading data
2026-04-05 21:02:36 | INFO    | ────────────────────────────────────────
2026-04-05 21:02:36 | INFO    |  Loading Excel: D:\Deep_Learning_V5\train_excel\DL_1-953.xlsx
2026-04-05 21:02:36 | INFO    |  Loaded 943 samples from Excel
2026-04-05 21:06:58 | INFO    |  Extracted features from 943 reports (0 failed/missing)
2026-04-05 21:06:58 | INFO    | 
────────────────────────────────────────
2026-04-05 21:06:58 | INFO    | STEP 2: Loading D3FEND action labels
2026-04-05 21:06:58 | INFO    | ────────────────────────────────────────
2026-04-05 21:06:58 | INFO    | Loading actions from: D:\Deep_Learning_V5\train_actions\report_hash_action.xlsx
2026-04-05 21:06:58 | INFO    | Loaded actions for 943 reports
2026-04-05 21:06:58 | INFO    | Total unique actions: 41
2026-04-05 21:06:58 | INFO    | After filtering (min 3 samples): 33
2026-04-05 21:06:58 | INFO    | Matched: 943/943 samples
2026-04-05 21:06:58 | INFO    | Actions per sample: min=1, max=5, mean=3.2
2026-04-05 21:06:59 | INFO    | Enriching 41 D3FEND actions with category + description...
2026-04-05 21:07:04 | DEBUG   |   API returned 404 for D3-FR (FileRemoval)
2026-04-05 21:07:04 | WARNING | D3FEND API appears unreachable. Using fallback classification.
2026-04-05 21:07:04 | INFO    | D3FEND enrichment complete:
2026-04-05 21:07:04 | INFO    |   From cache: 0
2026-04-05 21:07:04 | INFO    |   From API:   5
2026-04-05 21:07:04 | INFO    |   Fallback:   36
2026-04-05 21:07:04 | INFO    |   Category distribution: {'Detect': 19, 'Evict': 7, 'Isolate': 10, 'Restore': 3, 'Unknown': 1, 'Harden': 1}
2026-04-05 21:07:04 | INFO    | Action distribution:
2026-04-05 21:07:04 | INFO    |   D3-CCSA (Detect: Credential Compromise Scope Analysis): 17 samples
2026-04-05 21:07:04 | INFO    |   D3-CE (Evict: Credential Eviction): 14 samples
2026-04-05 21:07:04 | INFO    |   D3-CQ (Isolate: Content Quarantine): 71 samples
2026-04-05 21:07:04 | INFO    |   D3-CR (Evict: Credential Revocation): 6 samples
2026-04-05 21:07:04 | INFO    |   D3-CRO (Harden: Credential Rotation): 3 samples
2026-04-05 21:07:04 | INFO    |   D3-DNSDL (Isolate: DNS Denylisting): 25 samples
2026-04-05 21:07:04 | INFO    |   D3-EAL (Isolate: Executable Allowlisting): 3 samples
2026-04-05 21:07:04 | INFO    |   D3-EDL (Isolate: Executable Denylisting): 51 samples
2026-04-05 21:07:04 | INFO    |   D3-EI (Isolate: Execution Isolation): 12 samples
2026-04-05 21:07:04 | INFO    |   D3-FA (Detect: File Analysis): 11 samples
2026-04-05 21:07:04 | INFO    |   D3-FAPA (Detect: File Access Pattern Analysis): 84 samples
2026-04-05 21:07:04 | INFO    |   D3-FCOA (Detect: File Content Analysis): 4 samples
2026-04-05 21:07:04 | INFO    |   D3-FEV (Evict: File Eviction): 356 samples
2026-04-05 21:07:04 | INFO    |   D3-FIM (Detect: File Integrity Monitoring): 3 samples
2026-04-05 21:07:04 | INFO    |   D3-FR (Evict: File Removal): 12 samples
2026-04-05 21:07:04 | INFO    |   D3-FRDDL (Isolate: Forward Resolution Domain Denylisting): 44 samples
2026-04-05 21:07:04 | INFO    |   D3-NI (Isolate: Network Isolation): 364 samples
2026-04-05 21:07:04 | INFO    |   D3-NTA (Detect: Network Traffic Analysis): 8 samples
2026-04-05 21:07:04 | INFO    |   D3-OTF (Isolate: Outbound Traffic Filtering): 262 samples
2026-04-05 21:07:04 | INFO    |   D3-PA (Detect: Process Analysis): 52 samples
2026-04-05 21:07:04 | INFO    |   D3-PCSV (Detect: Process Code Segment Verification): 98 samples
2026-04-05 21:07:04 | INFO    |   D3-PLA (Detect: Process Lineage Analysis): 38 samples
2026-04-05 21:07:04 | INFO    |   D3-PSA (Detect: Process Spawn Analysis): 264 samples
2026-04-05 21:07:04 | INFO    |   D3-PSMD (Unknown: Process Self): 3 samples
2026-04-05 21:07:04 | INFO    |   D3-PT (Evict: Process Termination): 904 samples
2026-04-05 21:07:04 | INFO    |   D3-RC (Restore: Restore Configuration): 12 samples
2026-04-05 21:07:04 | INFO    |   D3-RF (Restore: Restore File): 22 samples
2026-04-05 21:07:04 | INFO    |   D3-RKD (Evict: Registry Key Deletion): 148 samples
2026-04-05 21:07:04 | INFO    |   D3-SCA (Detect: System Call Analysis): 13 samples
2026-04-05 21:07:04 | INFO    |   D3-SEA (Detect: Script Execution Analysis): 3 samples
2026-04-05 21:07:04 | INFO    |   D3-SICA (Detect: System Init Config Analysis): 84 samples
2026-04-05 21:07:04 | INFO    |   D3-SJA (Detect: Scheduled Job Analysis): 4 samples
2026-04-05 21:07:04 | INFO    |   D3-ST (Evict: Session Termination): 13 samples
2026-04-05 21:07:04 | INFO    | Number of D3FEND actions (output classes): 33
2026-04-05 21:07:04 | INFO    | Average actions per sample: 3.2
2026-04-05 21:07:04 | INFO    | 
────────────────────────────────────────
2026-04-05 21:07:04 | INFO    | STEP 3: Building vocabulary
2026-04-05 21:07:04 | INFO    | ────────────────────────────────────────
2026-04-05 21:07:04 | INFO    |  Feature filtering:
2026-04-05 21:07:04 | INFO    |   Total features found: 588
2026-04-05 21:07:04 | INFO    |   Removed (too rare, <3 samples): 110
2026-04-05 21:07:04 | INFO    |   Removed (too common, >95% samples): 0
2026-04-05 21:07:04 | INFO    |   Kept: 478
2026-04-05 21:07:04 | INFO    |   Breakdown: TTPs=158, MBCs=195, Signatures=125
2026-04-05 21:07:04 | INFO    |   Vocab size (with special tokens): 480
2026-04-05 21:07:04 | INFO    | 
────────────────────────────────────────
2026-04-05 21:07:04 | INFO    | STEP 4: Creating binary dataset (MLP)
2026-04-05 21:07:04 | INFO    | ────────────────────────────────────────
2026-04-05 21:07:04 | INFO    | MLP Binary Dataset: 943 samples, vocab=480
2026-04-05 21:07:04 | INFO    | Dataset size: 943
2026-04-05 21:07:04 | INFO    | Input dim: 480 (vocab=480)
2026-04-05 21:07:04 | INFO    | Num actions: 33
2026-04-05 21:07:04 | INFO    | 
────────────────────────────────────────
2026-04-05 21:07:04 | INFO    | STEP 5: Training MLP model
2026-04-05 21:07:04 | INFO    | ────────────────────────────────────────
2026-04-05 21:07:04 | INFO    | 
############################################################
2026-04-05 21:07:04 | INFO    | STARTING 5-FOLD CROSS VALIDATION (MLP)
2026-04-05 21:07:04 | INFO    | ############################################################
2026-04-05 21:07:04 | INFO    | Pos weight range: [0.5, 200.0]
2026-04-05 21:07:04 | INFO    | 
============================================================
2026-04-05 21:07:04 | INFO    | FOLD 1/5
2026-04-05 21:07:04 | INFO    | ============================================================
2026-04-05 21:07:04 | INFO    |   Train: 754 samples | Val: 189 samples
2026-04-05 21:07:06 | INFO    |   Epoch   1/200 | LR: 0.000200 | Train Loss: 0.4572 | Val Loss: 0.6809 | Val F1 (tuned): 0.1439 | Thresh: 0.45
2026-04-05 21:07:09 | INFO    |   Epoch  10/200 | LR: 0.000999 | Train Loss: 0.1933 | Val Loss: 0.3997 | Val F1 (tuned): 0.2943 | Thresh: 0.50
2026-04-05 21:07:11 | INFO    |   Epoch  20/200 | LR: 0.000987 | Train Loss: 0.1173 | Val Loss: 0.2892 | Val F1 (tuned): 0.3045 | Thresh: 0.60
2026-04-05 21:07:13 | INFO    |   Epoch  30/200 | LR: 0.000963 | Train Loss: 0.1142 | Val Loss: 0.2579 | Val F1 (tuned): 0.3224 | Thresh: 0.55
2026-04-05 21:07:16 | INFO    |   Epoch  40/200 | LR: 0.000927 | Train Loss: 0.0986 | Val Loss: 0.2417 | Val F1 (tuned): 0.3294 | Thresh: 0.55
2026-04-05 21:07:18 | INFO    |   Epoch  50/200 | LR: 0.000880 | Train Loss: 0.0924 | Val Loss: 0.2346 | Val F1 (tuned): 0.3205 | Thresh: 0.50
2026-04-05 21:07:21 | INFO    |   Epoch  60/200 | LR: 0.000822 | Train Loss: 0.0815 | Val Loss: 0.2217 | Val F1 (tuned): 0.3253 | Thresh: 0.50
2026-04-05 21:07:23 | INFO    |   Epoch  70/200 | LR: 0.000757 | Train Loss: 0.0783 | Val Loss: 0.2153 | Val F1 (tuned): 0.3371 | Thresh: 0.55
2026-04-05 21:07:26 | INFO    |   Epoch  80/200 | LR: 0.000685 | Train Loss: 0.0819 | Val Loss: 0.2105 | Val F1 (tuned): 0.3242 | Thresh: 0.45
2026-04-05 21:07:29 | INFO    |   Epoch  90/200 | LR: 0.000608 | Train Loss: 0.0709 | Val Loss: 0.2056 | Val F1 (tuned): 0.3320 | Thresh: 0.55
2026-04-05 21:07:31 | INFO    |   Epoch 100/200 | LR: 0.000528 | Train Loss: 0.0675 | Val Loss: 0.2042 | Val F1 (tuned): 0.3232 | Thresh: 0.40
2026-04-05 21:07:34 | INFO    |   Epoch 110/200 | LR: 0.000448 | Train Loss: 0.0648 | Val Loss: 0.2030 | Val F1 (tuned): 0.3186 | Thresh: 0.45
2026-04-05 21:07:36 | INFO    |   Epoch 120/200 | LR: 0.000369 | Train Loss: 0.0814 | Val Loss: 0.2004 | Val F1 (tuned): 0.3198 | Thresh: 0.50
2026-04-05 21:07:39 | INFO    |   Epoch 130/200 | LR: 0.000293 | Train Loss: 0.0684 | Val Loss: 0.2002 | Val F1 (tuned): 0.3180 | Thresh: 0.50
2026-04-05 21:07:41 | INFO    |   Epoch 140/200 | LR: 0.000223 | Train Loss: 0.0641 | Val Loss: 0.1966 | Val F1 (tuned): 0.3191 | Thresh: 0.50
2026-04-05 21:07:44 | INFO    |   Epoch 150/200 | LR: 0.000159 | Train Loss: 0.0718 | Val Loss: 0.1965 | Val F1 (tuned): 0.3190 | Thresh: 0.45
2026-04-05 21:07:47 | INFO    |   Epoch 160/200 | LR: 0.000105 | Train Loss: 0.0625 | Val Loss: 0.1976 | Val F1 (tuned): 0.3188 | Thresh: 0.45
2026-04-05 21:07:47 | INFO    |   Early stopping at epoch 161
2026-04-05 21:07:48 | INFO    |   Best Val Loss: 0.1946
2026-04-05 21:07:48 | INFO    |   Best Val F1 (tuned threshold): 0.3272
2026-04-05 21:07:48 | INFO    |   Optimal threshold: 0.40
2026-04-05 21:07:48 | INFO    | 
============================================================
2026-04-05 21:07:48 | INFO    | FOLD 2/5
2026-04-05 21:07:48 | INFO    | ============================================================
2026-04-05 21:07:48 | INFO    |   Train: 754 samples | Val: 189 samples
2026-04-05 21:07:49 | INFO    |   Epoch   1/200 | LR: 0.000200 | Train Loss: 0.4556 | Val Loss: 0.6882 | Val F1 (tuned): 0.1427 | Thresh: 0.45
2026-04-05 21:07:51 | INFO    |   Epoch  10/200 | LR: 0.000999 | Train Loss: 0.1803 | Val Loss: 0.3913 | Val F1 (tuned): 0.3298 | Thresh: 0.55
2026-04-05 21:07:54 | INFO    |   Epoch  20/200 | LR: 0.000987 | Train Loss: 0.1248 | Val Loss: 0.3107 | Val F1 (tuned): 0.3304 | Thresh: 0.55
2026-04-05 21:07:57 | INFO    |   Epoch  30/200 | LR: 0.000963 | Train Loss: 0.0981 | Val Loss: 0.2718 | Val F1 (tuned): 0.3256 | Thresh: 0.60
2026-04-05 21:07:59 | INFO    |   Epoch  40/200 | LR: 0.000927 | Train Loss: 0.0932 | Val Loss: 0.2441 | Val F1 (tuned): 0.3048 | Thresh: 0.40
2026-04-05 21:08:03 | INFO    |   Epoch  50/200 | LR: 0.000880 | Train Loss: 0.0841 | Val Loss: 0.2371 | Val F1 (tuned): 0.2976 | Thresh: 0.50
2026-04-05 21:08:05 | INFO    |   Epoch  60/200 | LR: 0.000822 | Train Loss: 0.0919 | Val Loss: 0.2302 | Val F1 (tuned): 0.3493 | Thresh: 0.55
2026-04-05 21:08:09 | INFO    |   Epoch  70/200 | LR: 0.000757 | Train Loss: 0.0761 | Val Loss: 0.2229 | Val F1 (tuned): 0.3081 | Thresh: 0.35
2026-04-05 21:08:12 | INFO    |   Epoch  80/200 | LR: 0.000685 | Train Loss: 0.0741 | Val Loss: 0.2202 | Val F1 (tuned): 0.3075 | Thresh: 0.55
2026-04-05 21:08:15 | INFO    |   Epoch  90/200 | LR: 0.000608 | Train Loss: 0.0703 | Val Loss: 0.2159 | Val F1 (tuned): 0.3135 | Thresh: 0.45
2026-04-05 21:08:18 | INFO    |   Epoch 100/200 | LR: 0.000528 | Train Loss: 0.0679 | Val Loss: 0.2077 | Val F1 (tuned): 0.3141 | Thresh: 0.50
2026-04-05 21:08:22 | INFO    |   Epoch 110/200 | LR: 0.000448 | Train Loss: 0.0689 | Val Loss: 0.2094 | Val F1 (tuned): 0.3069 | Thresh: 0.55
2026-04-05 21:08:26 | INFO    |   Epoch 120/200 | LR: 0.000369 | Train Loss: 0.0660 | Val Loss: 0.2093 | Val F1 (tuned): 0.2902 | Thresh: 0.55
2026-04-05 21:08:29 | INFO    |   Epoch 130/200 | LR: 0.000293 | Train Loss: 0.0634 | Val Loss: 0.2035 | Val F1 (tuned): 0.3191 | Thresh: 0.40
2026-04-05 21:08:32 | INFO    |   Epoch 140/200 | LR: 0.000223 | Train Loss: 0.0606 | Val Loss: 0.2001 | Val F1 (tuned): 0.3089 | Thresh: 0.60
2026-04-05 21:08:36 | INFO    |   Epoch 150/200 | LR: 0.000159 | Train Loss: 0.0595 | Val Loss: 0.1992 | Val F1 (tuned): 0.2998 | Thresh: 0.40
2026-04-05 21:08:39 | INFO    |   Epoch 160/200 | LR: 0.000105 | Train Loss: 0.0586 | Val Loss: 0.1998 | Val F1 (tuned): 0.2989 | Thresh: 0.45
2026-04-05 21:08:42 | INFO    |   Epoch 170/200 | LR: 0.000061 | Train Loss: 0.0591 | Val Loss: 0.1990 | Val F1 (tuned): 0.2874 | Thresh: 0.45
2026-04-05 21:08:46 | INFO    |   Epoch 180/200 | LR: 0.000028 | Train Loss: 0.0584 | Val Loss: 0.1968 | Val F1 (tuned): 0.2931 | Thresh: 0.40
2026-04-05 21:08:50 | INFO    |   Epoch 190/200 | LR: 0.000008 | Train Loss: 0.0605 | Val Loss: 0.1976 | Val F1 (tuned): 0.2894 | Thresh: 0.45
2026-04-05 21:08:53 | INFO    |   Epoch 200/200 | LR: 0.000000 | Train Loss: 0.0690 | Val Loss: 0.1979 | Val F1 (tuned): 0.2901 | Thresh: 0.45
2026-04-05 21:08:54 | INFO    |   Best Val Loss: 0.1962
2026-04-05 21:08:54 | INFO    |   Best Val F1 (tuned threshold): 0.2908
2026-04-05 21:08:54 | INFO    |   Optimal threshold: 0.45
2026-04-05 21:08:54 | INFO    | 
============================================================
2026-04-05 21:08:54 | INFO    | FOLD 3/5
2026-04-05 21:08:54 | INFO    | ============================================================
2026-04-05 21:08:54 | INFO    |   Train: 754 samples | Val: 189 samples
2026-04-05 21:08:55 | INFO    |   Epoch   1/200 | LR: 0.000200 | Train Loss: 0.4430 | Val Loss: 0.6840 | Val F1 (tuned): 0.1402 | Thresh: 0.45
2026-04-05 21:08:56 | INFO    |   Epoch  10/200 | LR: 0.000999 | Train Loss: 0.1898 | Val Loss: 0.3965 | Val F1 (tuned): 0.2814 | Thresh: 0.50
2026-04-05 21:08:58 | INFO    |   Epoch  20/200 | LR: 0.000987 | Train Loss: 0.1288 | Val Loss: 0.3111 | Val F1 (tuned): 0.2892 | Thresh: 0.45
2026-04-05 21:09:01 | INFO    |   Epoch  30/200 | LR: 0.000963 | Train Loss: 0.0935 | Val Loss: 0.2695 | Val F1 (tuned): 0.2809 | Thresh: 0.50
2026-04-05 21:09:04 | INFO    |   Epoch  40/200 | LR: 0.000927 | Train Loss: 0.0930 | Val Loss: 0.2546 | Val F1 (tuned): 0.2812 | Thresh: 0.45
2026-04-05 21:09:07 | INFO    |   Epoch  50/200 | LR: 0.000880 | Train Loss: 0.0855 | Val Loss: 0.2378 | Val F1 (tuned): 0.2832 | Thresh: 0.55
2026-04-05 21:09:11 | INFO    |   Epoch  60/200 | LR: 0.000822 | Train Loss: 0.0785 | Val Loss: 0.2300 | Val F1 (tuned): 0.2816 | Thresh: 0.40
2026-04-05 21:09:14 | INFO    |   Epoch  70/200 | LR: 0.000757 | Train Loss: 0.0738 | Val Loss: 0.2261 | Val F1 (tuned): 0.2738 | Thresh: 0.40
2026-04-05 21:09:16 | INFO    |   Epoch  80/200 | LR: 0.000685 | Train Loss: 0.0746 | Val Loss: 0.2183 | Val F1 (tuned): 0.2789 | Thresh: 0.40
2026-04-05 21:09:19 | INFO    |   Epoch  90/200 | LR: 0.000608 | Train Loss: 0.0727 | Val Loss: 0.2179 | Val F1 (tuned): 0.3012 | Thresh: 0.40
2026-04-05 21:09:22 | INFO    |   Epoch 100/200 | LR: 0.000528 | Train Loss: 0.0719 | Val Loss: 0.2093 | Val F1 (tuned): 0.3109 | Thresh: 0.40
2026-04-05 21:09:25 | INFO    |   Epoch 110/200 | LR: 0.000448 | Train Loss: 0.0621 | Val Loss: 0.2052 | Val F1 (tuned): 0.2820 | Thresh: 0.45
2026-04-05 21:09:29 | INFO    |   Epoch 120/200 | LR: 0.000369 | Train Loss: 0.0601 | Val Loss: 0.2046 | Val F1 (tuned): 0.3006 | Thresh: 0.40
2026-04-05 21:09:32 | INFO    |   Epoch 130/200 | LR: 0.000293 | Train Loss: 0.0633 | Val Loss: 0.2019 | Val F1 (tuned): 0.3154 | Thresh: 0.40
2026-04-05 21:09:36 | INFO    |   Epoch 140/200 | LR: 0.000223 | Train Loss: 0.0647 | Val Loss: 0.2026 | Val F1 (tuned): 0.3019 | Thresh: 0.40
2026-04-05 21:09:39 | INFO    |   Epoch 150/200 | LR: 0.000159 | Train Loss: 0.0589 | Val Loss: 0.2014 | Val F1 (tuned): 0.2821 | Thresh: 0.35
2026-04-05 21:09:43 | INFO    |   Epoch 160/200 | LR: 0.000105 | Train Loss: 0.0610 | Val Loss: 0.1993 | Val F1 (tuned): 0.3029 | Thresh: 0.40
2026-04-05 21:09:47 | INFO    |   Epoch 170/200 | LR: 0.000061 | Train Loss: 0.0596 | Val Loss: 0.1961 | Val F1 (tuned): 0.3042 | Thresh: 0.35
2026-04-05 21:09:51 | INFO    |   Epoch 180/200 | LR: 0.000028 | Train Loss: 0.0613 | Val Loss: 0.1982 | Val F1 (tuned): 0.3024 | Thresh: 0.35
2026-04-05 21:09:54 | INFO    |   Epoch 190/200 | LR: 0.000008 | Train Loss: 0.0650 | Val Loss: 0.1956 | Val F1 (tuned): 0.3026 | Thresh: 0.35
2026-04-05 21:09:58 | INFO    |   Epoch 200/200 | LR: 0.000000 | Train Loss: 0.0608 | Val Loss: 0.1976 | Val F1 (tuned): 0.2993 | Thresh: 0.40
2026-04-05 21:09:59 | INFO    |   Best Val Loss: 0.1950
2026-04-05 21:09:59 | INFO    |   Best Val F1 (tuned threshold): 0.3027
2026-04-05 21:09:59 | INFO    |   Optimal threshold: 0.35
2026-04-05 21:09:59 | INFO    | 
============================================================
2026-04-05 21:09:59 | INFO    | FOLD 4/5
2026-04-05 21:09:59 | INFO    | ============================================================
2026-04-05 21:09:59 | INFO    |   Train: 755 samples | Val: 188 samples
2026-04-05 21:10:00 | INFO    |   Epoch   1/200 | LR: 0.000200 | Train Loss: 0.4664 | Val Loss: 0.6865 | Val F1 (tuned): 0.1409 | Thresh: 0.45
2026-04-05 21:10:03 | INFO    |   Epoch  10/200 | LR: 0.000999 | Train Loss: 0.1952 | Val Loss: 0.3870 | Val F1 (tuned): 0.2552 | Thresh: 0.60
2026-04-05 21:10:05 | INFO    |   Epoch  20/200 | LR: 0.000987 | Train Loss: 0.1363 | Val Loss: 0.2928 | Val F1 (tuned): 0.2793 | Thresh: 0.50
2026-04-05 21:10:09 | INFO    |   Epoch  30/200 | LR: 0.000963 | Train Loss: 0.1260 | Val Loss: 0.2603 | Val F1 (tuned): 0.2884 | Thresh: 0.50
2026-04-05 21:10:11 | INFO    |   Epoch  40/200 | LR: 0.000927 | Train Loss: 0.0950 | Val Loss: 0.2395 | Val F1 (tuned): 0.2631 | Thresh: 0.50
2026-04-05 21:10:15 | INFO    |   Epoch  50/200 | LR: 0.000880 | Train Loss: 0.0958 | Val Loss: 0.2282 | Val F1 (tuned): 0.2747 | Thresh: 0.55
2026-04-05 21:10:18 | INFO    |   Epoch  60/200 | LR: 0.000822 | Train Loss: 0.0953 | Val Loss: 0.2220 | Val F1 (tuned): 0.2707 | Thresh: 0.55
2026-04-05 21:10:22 | INFO    |   Epoch  70/200 | LR: 0.000757 | Train Loss: 0.0862 | Val Loss: 0.2186 | Val F1 (tuned): 0.2708 | Thresh: 0.55
2026-04-05 21:10:25 | INFO    |   Epoch  80/200 | LR: 0.000685 | Train Loss: 0.0748 | Val Loss: 0.2061 | Val F1 (tuned): 0.2947 | Thresh: 0.50
2026-04-05 21:10:29 | INFO    |   Epoch  90/200 | LR: 0.000608 | Train Loss: 0.0795 | Val Loss: 0.2062 | Val F1 (tuned): 0.2889 | Thresh: 0.45
2026-04-05 21:10:32 | INFO    |   Epoch 100/200 | LR: 0.000528 | Train Loss: 0.0762 | Val Loss: 0.2026 | Val F1 (tuned): 0.2737 | Thresh: 0.50
2026-04-05 21:10:36 | INFO    |   Epoch 110/200 | LR: 0.000448 | Train Loss: 0.0676 | Val Loss: 0.1999 | Val F1 (tuned): 0.2659 | Thresh: 0.45
2026-04-05 21:10:39 | INFO    |   Epoch 120/200 | LR: 0.000369 | Train Loss: 0.0850 | Val Loss: 0.2011 | Val F1 (tuned): 0.2741 | Thresh: 0.40
2026-04-05 21:10:43 | INFO    |   Epoch 130/200 | LR: 0.000293 | Train Loss: 0.0822 | Val Loss: 0.1986 | Val F1 (tuned): 0.2661 | Thresh: 0.50
2026-04-05 21:10:46 | INFO    |   Epoch 140/200 | LR: 0.000223 | Train Loss: 0.0631 | Val Loss: 0.1958 | Val F1 (tuned): 0.2734 | Thresh: 0.50
2026-04-05 21:10:50 | INFO    |   Epoch 150/200 | LR: 0.000159 | Train Loss: 0.0674 | Val Loss: 0.1939 | Val F1 (tuned): 0.2726 | Thresh: 0.55
2026-04-05 21:10:53 | INFO    |   Epoch 160/200 | LR: 0.000105 | Train Loss: 0.0611 | Val Loss: 0.1909 | Val F1 (tuned): 0.2742 | Thresh: 0.55
2026-04-05 21:10:58 | INFO    |   Epoch 170/200 | LR: 0.000061 | Train Loss: 0.0659 | Val Loss: 0.1897 | Val F1 (tuned): 0.2714 | Thresh: 0.50
2026-04-05 21:11:03 | INFO    |   Epoch 180/200 | LR: 0.000028 | Train Loss: 0.0586 | Val Loss: 0.1891 | Val F1 (tuned): 0.2765 | Thresh: 0.50
2026-04-05 21:11:08 | INFO    |   Epoch 190/200 | LR: 0.000008 | Train Loss: 0.0582 | Val Loss: 0.1919 | Val F1 (tuned): 0.2755 | Thresh: 0.55
2026-04-05 21:11:12 | INFO    |   Epoch 200/200 | LR: 0.000000 | Train Loss: 0.0654 | Val Loss: 0.1903 | Val F1 (tuned): 0.2773 | Thresh: 0.50
2026-04-05 21:11:14 | INFO    |   Best Val Loss: 0.1881
2026-04-05 21:11:14 | INFO    |   Best Val F1 (tuned threshold): 0.2728
2026-04-05 21:11:14 | INFO    |   Optimal threshold: 0.50
2026-04-05 21:11:14 | INFO    | 
============================================================
2026-04-05 21:11:14 | INFO    | FOLD 5/5
2026-04-05 21:11:14 | INFO    | ============================================================
2026-04-05 21:11:14 | INFO    |   Train: 755 samples | Val: 188 samples
2026-04-05 21:11:16 | INFO    |   Epoch   1/200 | LR: 0.000200 | Train Loss: 0.4708 | Val Loss: 0.6929 | Val F1 (tuned): 0.1379 | Thresh: 0.05
2026-04-05 21:11:19 | INFO    |   Epoch  10/200 | LR: 0.000999 | Train Loss: 0.1864 | Val Loss: 0.3977 | Val F1 (tuned): 0.3200 | Thresh: 0.55
2026-04-05 21:11:24 | INFO    |   Epoch  20/200 | LR: 0.000987 | Train Loss: 0.1241 | Val Loss: 0.2997 | Val F1 (tuned): 0.3174 | Thresh: 0.55
2026-04-05 21:11:28 | INFO    |   Epoch  30/200 | LR: 0.000963 | Train Loss: 0.1087 | Val Loss: 0.2671 | Val F1 (tuned): 0.3228 | Thresh: 0.60
2026-04-05 21:11:32 | INFO    |   Epoch  40/200 | LR: 0.000927 | Train Loss: 0.1023 | Val Loss: 0.2484 | Val F1 (tuned): 0.3164 | Thresh: 0.55
2026-04-05 21:11:36 | INFO    |   Epoch  50/200 | LR: 0.000880 | Train Loss: 0.0882 | Val Loss: 0.2461 | Val F1 (tuned): 0.3248 | Thresh: 0.55
2026-04-05 21:11:41 | INFO    |   Epoch  60/200 | LR: 0.000822 | Train Loss: 0.0835 | Val Loss: 0.2289 | Val F1 (tuned): 0.3226 | Thresh: 0.45
2026-04-05 21:11:45 | INFO    |   Epoch  70/200 | LR: 0.000757 | Train Loss: 0.0890 | Val Loss: 0.2255 | Val F1 (tuned): 0.3192 | Thresh: 0.55
2026-04-05 21:11:50 | INFO    |   Epoch  80/200 | LR: 0.000685 | Train Loss: 0.0772 | Val Loss: 0.2210 | Val F1 (tuned): 0.3040 | Thresh: 0.55
2026-04-05 21:11:54 | INFO    |   Epoch  90/200 | LR: 0.000608 | Train Loss: 0.0775 | Val Loss: 0.2148 | Val F1 (tuned): 0.2887 | Thresh: 0.55
2026-04-05 21:11:59 | INFO    |   Epoch 100/200 | LR: 0.000528 | Train Loss: 0.0748 | Val Loss: 0.2130 | Val F1 (tuned): 0.3027 | Thresh: 0.55
2026-04-05 21:12:03 | INFO    |   Epoch 110/200 | LR: 0.000448 | Train Loss: 0.0662 | Val Loss: 0.2107 | Val F1 (tuned): 0.2806 | Thresh: 0.55
2026-04-05 21:12:06 | INFO    |   Epoch 120/200 | LR: 0.000369 | Train Loss: 0.0700 | Val Loss: 0.2076 | Val F1 (tuned): 0.2906 | Thresh: 0.50
2026-04-05 21:12:09 | INFO    |   Epoch 130/200 | LR: 0.000293 | Train Loss: 0.0708 | Val Loss: 0.2071 | Val F1 (tuned): 0.2889 | Thresh: 0.60
2026-04-05 21:12:14 | INFO    |   Epoch 140/200 | LR: 0.000223 | Train Loss: 0.0619 | Val Loss: 0.2040 | Val F1 (tuned): 0.2941 | Thresh: 0.60
2026-04-05 21:12:18 | INFO    |   Epoch 150/200 | LR: 0.000159 | Train Loss: 0.0640 | Val Loss: 0.2036 | Val F1 (tuned): 0.2878 | Thresh: 0.40
2026-04-05 21:12:23 | INFO    |   Epoch 160/200 | LR: 0.000105 | Train Loss: 0.0633 | Val Loss: 0.2000 | Val F1 (tuned): 0.2888 | Thresh: 0.50
2026-04-05 21:12:28 | INFO    |   Epoch 170/200 | LR: 0.000061 | Train Loss: 0.0575 | Val Loss: 0.1996 | Val F1 (tuned): 0.2991 | Thresh: 0.55
2026-04-05 21:12:35 | INFO    |   Epoch 180/200 | LR: 0.000028 | Train Loss: 0.0695 | Val Loss: 0.1996 | Val F1 (tuned): 0.3007 | Thresh: 0.55
2026-04-05 21:12:41 | INFO    |   Epoch 190/200 | LR: 0.000008 | Train Loss: 0.0633 | Val Loss: 0.1995 | Val F1 (tuned): 0.3002 | Thresh: 0.55
2026-04-05 21:12:45 | INFO    |   Epoch 200/200 | LR: 0.000000 | Train Loss: 0.0593 | Val Loss: 0.1986 | Val F1 (tuned): 0.3044 | Thresh: 0.55
2026-04-05 21:12:46 | INFO    |   Best Val Loss: 0.1961
2026-04-05 21:12:46 | INFO    |   Best Val F1 (tuned threshold): 0.2964
2026-04-05 21:12:46 | INFO    |   Optimal threshold: 0.50
2026-04-05 21:12:46 | INFO    | 
############################################################
2026-04-05 21:12:46 | INFO    | CROSS VALIDATION RESULTS (MLP)
2026-04-05 21:12:46 | INFO    | ############################################################
2026-04-05 21:12:46 | INFO    |   Fold 1: F1 = 0.3272
2026-04-05 21:12:46 | INFO    |   Fold 2: F1 = 0.2908
2026-04-05 21:12:46 | INFO    |   Fold 3: F1 = 0.3027
2026-04-05 21:12:46 | INFO    |   Fold 4: F1 = 0.2728
2026-04-05 21:12:46 | INFO    |   Fold 5: F1 = 0.2964
2026-04-05 21:12:46 | INFO    |   Mean F1: 0.2980 ± 0.0177
2026-04-05 21:12:46 | INFO    |   Best Fold F1: 0.3272
2026-04-05 21:12:46 | INFO    | 
────────────────────────────────────────
2026-04-05 21:12:46 | INFO    | STEP 6: Saving MLP model
2026-04-05 21:12:46 | INFO    | ────────────────────────────────────────
2026-04-05 21:12:46 | INFO    | Model saved: D:\Deep_Learning_V5\saved_model_mlp\model.pt
2026-04-05 21:12:46 | INFO    | 
============================================================
2026-04-05 21:12:46 | INFO    | MLP TRAINING COMPLETE!
2026-04-05 21:12:46 | INFO    |   Time: 610.6 seconds
2026-04-05 21:12:46 | INFO    |   Mean F1: 0.2980 ± 0.0177
2026-04-05 21:12:46 | INFO    |   Model saved to: D:\Deep_Learning_V5\saved_model_mlp/
2026-04-05 21:12:46 | INFO    | ============================================================
