======================================================================
 Log file: extract_best_f1_20260408_135258.log
 Script : extract_best_f1.py
 Started: 2026-04-08 13:52:58
 CWD    : C:\WINDOWS\System32
======================================================================

[LOG] Logging to: C:\Users\puncu\OneDrive\Máy tính\Similarity to Action\Result 2\logs\extract_best_f1_20260408_135258.log
=== F1 Extraction Tool ===

Selected folder: C:/Users/puncu/OneDrive/Máy tính/Similarity to Action/Result 2/Logistic/9
Found 11 CSV file(s): ['1.csv', '10.csv', '11.csv', '2.csv', '3.csv', '4.csv', '5.csv', '6.csv', '7.csv', '8.csv', '9.csv']

Selected option: 1


Output saved to: C:\Users\puncu\OneDrive\Máy tính\Similarity to Action\Result 2\extracted_f1_results.csv
  file  top_k  precision  recall     f1
 1.csv      4     0.5850  0.5970 0.5775
10.csv      4     0.4338  0.4280 0.4221
11.csv      5     0.1100  0.1417 0.1209
 2.csv      4     0.5863  0.5983 0.5787
 3.csv      3     0.6800  0.5269 0.5799
 4.csv      3     0.6850  0.5297 0.5835
 5.csv      3     0.6917  0.5335 0.5885
 6.csv      3     0.7117  0.5455 0.6035
 7.csv      3     0.7117  0.5424 0.6017
 8.csv      3     0.7000  0.5318 0.5906
 9.csv      4     0.5687  0.5683 0.5561

======================================================================
 Finished: 2026-04-08 13:53:02
======================================================================
