======================================================================
 Log file: extract_best_f1_20260408_142001.log
 Script : extract_best_f1.py
 Started: 2026-04-08 14:20:01
 CWD    : C:\WINDOWS\System32
======================================================================

[LOG] Logging to: C:\Users\puncu\OneDrive\Máy tính\Similarity to Action\Result 2\logs\extract_best_f1_20260408_142001.log
=== F1 Extraction Tool ===

Selected folder: C:/Users/puncu/OneDrive/Máy tính/Similarity to Action/Result 2/RandomForest/3
Found 11 CSV file(s): ['1.csv', '10.csv', '11.csv', '2.csv', '3.csv', '4.csv', '5.csv', '6.csv', '7.csv', '8.csv', '9.csv']

Selected option: 1


Output saved to: C:\Users\puncu\OneDrive\Máy tính\Similarity to Action\Result 2\extracted_f1_results.csv
  file  top_k  precision  recall     f1
 1.csv      4     0.5637  0.5807 0.5585
10.csv      3     0.4917  0.3677 0.4115
11.csv      5     0.1100  0.1417 0.1209
 2.csv      4     0.5925  0.6039 0.5842
 3.csv      4     0.5938  0.6042 0.5849
 4.csv      4     0.5913  0.6008 0.5821
 5.csv      4     0.5813  0.5849 0.5697
 6.csv      4     0.5563  0.5538 0.5426
 7.csv      4     0.5050  0.4958 0.4899
 8.csv      3     0.5117  0.3819 0.4278
 9.csv      3     0.4917  0.3677 0.4115

======================================================================
 Finished: 2026-04-08 14:20:14
======================================================================
