======================================================================
 Log file: extract_best_f1_20260408_123019.log
 Script : extract_best_f1.py
 Started: 2026-04-08 12:30:19
 CWD    : C:\WINDOWS\System32
======================================================================

[LOG] Logging to: C:\Users\puncu\OneDrive\Máy tính\Similarity to Action\Result 2\logs\extract_best_f1_20260408_123019.log
=== F1 Extraction Tool ===

Selected folder: C:/Users/puncu/OneDrive/Máy tính/Similarity to Action/Result 2/Doc2vec/5
Found 11 CSV file(s): ['1.csv', '10.csv', '11.csv', '2.csv', '3.csv', '4.csv', '5.csv', '6.csv', '7.csv', '8.csv', '9.csv']

Selected option: 1


Output saved to: C:\Users\puncu\OneDrive\Máy tính\Similarity to Action\Result 2\extracted_f1_results.csv
  file  top_k  precision  recall     f1
 1.csv      4     0.4938  0.4980 0.4852
10.csv      3     0.4333  0.3169 0.3597
11.csv      5     0.1100  0.1417 0.1209
 2.csv      4     0.5225  0.5272 0.5138
 3.csv      4     0.5300  0.5347 0.5211
 4.csv      4     0.5437  0.5456 0.5333
 5.csv      4     0.5450  0.5459 0.5341
 6.csv      4     0.5225  0.5261 0.5132
 7.csv      4     0.4475  0.4507 0.4398
 8.csv      3     0.4333  0.3169 0.3597
 9.csv      3     0.4333  0.3169 0.3597

======================================================================
 Finished: 2026-04-08 12:30:27
======================================================================
