======================================================================
 Log file: extract_best_f1_20260424_222335.log
 Script : extract_best_f1.py
 Started: 2026-04-24 22:23:35
 CWD    : C:\WINDOWS\System32
======================================================================

[LOG] Logging to: C:\Users\puncu\OneDrive\Máy tính\Similarity to Action\Result 2\logs\extract_best_f1_20260424_222335.log
=== F1 Extraction Tool ===

Selected folder: C:/Users/puncu/OneDrive/Máy tính/Similarity to Action/Result 2/binary cosine 2/3
Found 11 CSV file(s): ['1.csv', '10.csv', '11.csv', '2.csv', '3.csv', '4.csv', '5.csv', '6.csv', '7.csv', '8.csv', '9.csv']

Selected option: 1


Output saved to: C:\Users\puncu\OneDrive\Máy tính\Similarity to Action\Result 2\extracted_f1_results.csv
  file  top_k  precision  recall     f1
 1.csv      4     0.5563  0.5652 0.5476
10.csv      3     0.6250  0.4763 0.5279
11.csv      5     0.0510  0.0644 0.0558
 2.csv      4     0.5863  0.5973 0.5781
 3.csv      4     0.5863  0.5973 0.5781
 4.csv      4     0.5863  0.5973 0.5781
 5.csv      4     0.5938  0.6026 0.5844
 6.csv      4     0.6188  0.6211 0.6061
 7.csv      4     0.5962  0.5979 0.5837
 8.csv      3     0.6317  0.4812 0.5334
 9.csv      3     0.6250  0.4763 0.5279

======================================================================
 Finished: 2026-04-24 22:23:45
======================================================================
