======================================================================
 Log file: extract_best_f1_20260408_142049.log
 Script : extract_best_f1.py
 Started: 2026-04-08 14:20:49
 CWD    : C:\WINDOWS\System32
======================================================================

[LOG] Logging to: C:\Users\puncu\OneDrive\Máy tính\Similarity to Action\Result 2\logs\extract_best_f1_20260408_142049.log
=== F1 Extraction Tool ===

Selected folder: C:/Users/puncu/OneDrive/Máy tính/Similarity to Action/Result 2/RandomForest/5
Found 11 CSV file(s): ['1.csv', '10.csv', '11.csv', '2.csv', '3.csv', '4.csv', '5.csv', '6.csv', '7.csv', '8.csv', '9.csv']

Selected option: 1


Output saved to: C:\Users\puncu\OneDrive\Máy tính\Similarity to Action\Result 2\extracted_f1_results.csv
  file  top_k  precision  recall     f1
 1.csv      4     0.5775  0.5928 0.5713
10.csv      3     0.5333  0.3979 0.4460
11.csv      5     0.1100  0.1417 0.1209
 2.csv      5     0.5340  0.6738 0.5829
 3.csv      5     0.5370  0.6770 0.5860
 4.csv      3     0.6800  0.5300 0.5811
 5.csv      3     0.6950  0.5398 0.5929
 6.csv      4     0.6125  0.6168 0.6009
 7.csv      4     0.5925  0.5908 0.5786
 8.csv      4     0.5325  0.5228 0.5169
 9.csv      3     0.5350  0.3992 0.4474

======================================================================
 Finished: 2026-04-08 14:20:54
======================================================================
