======================================================================
 Log file: extract_best_f1_20260408_142032.log
 Script : extract_best_f1.py
 Started: 2026-04-08 14:20:32
 CWD    : C:\WINDOWS\System32
======================================================================

[LOG] Logging to: C:\Users\puncu\OneDrive\Máy tính\Similarity to Action\Result 2\logs\extract_best_f1_20260408_142032.log
=== F1 Extraction Tool ===

Selected folder: C:/Users/puncu/OneDrive/Máy tính/Similarity to Action/Result 2/RandomForest/4
Found 11 CSV file(s): ['1.csv', '10.csv', '11.csv', '2.csv', '3.csv', '4.csv', '5.csv', '6.csv', '7.csv', '8.csv', '9.csv']

Selected option: 1


Output saved to: C:\Users\puncu\OneDrive\Máy tính\Similarity to Action\Result 2\extracted_f1_results.csv
  file  top_k  precision  recall     f1
 1.csv      4     0.5687  0.5833 0.5623
10.csv      3     0.5200  0.3894 0.4356
11.csv      5     0.1100  0.1417 0.1209
 2.csv      4     0.5837  0.5985 0.5771
 3.csv      4     0.5875  0.6020 0.5807
 4.csv      4     0.5887  0.6018 0.5812
 5.csv      4     0.5875  0.5963 0.5782
 6.csv      4     0.6025  0.6038 0.5895
 7.csv      4     0.5587  0.5556 0.5451
 8.csv      4     0.5038  0.4939 0.4885
 9.csv      3     0.5200  0.3894 0.4356

======================================================================
 Finished: 2026-04-08 14:20:39
======================================================================
