======================================================================
 Log file: extract_best_f1_20260408_143834.log
 Script : extract_best_f1.py
 Started: 2026-04-08 14:38:34
 CWD    : C:\WINDOWS\System32
======================================================================

[LOG] Logging to: C:\Users\puncu\OneDrive\Máy tính\Similarity to Action\Result 2\logs\extract_best_f1_20260408_143834.log
=== F1 Extraction Tool ===

Selected folder: C:/Users/puncu/OneDrive/Máy tính/Similarity to Action/Result 2/XGBoost/6
Found 11 CSV file(s): ['1.csv', '10.csv', '11.csv', '2.csv', '3.csv', '4.csv', '5.csv', '6.csv', '7.csv', '8.csv', '9.csv']

Selected option: 1


Output saved to: C:\Users\puncu\OneDrive\Máy tính\Similarity to Action\Result 2\extracted_f1_results.csv
  file  top_k  precision  recall     f1
 1.csv      4     0.5600  0.5733 0.5536
10.csv      3     0.4883  0.3680 0.4105
11.csv      5     0.1100  0.1417 0.1209
 2.csv      5     0.5150  0.6569 0.5647
 3.csv      5     0.5180  0.6590 0.5673
 4.csv      4     0.5713  0.5837 0.5641
 5.csv      4     0.5725  0.5833 0.5646
 6.csv      4     0.5775  0.5861 0.5686
 7.csv      4     0.5637  0.5717 0.5547
 8.csv      4     0.5613  0.5642 0.5501
 9.csv      4     0.4850  0.4820 0.4733

======================================================================
 Finished: 2026-04-08 14:38:39
======================================================================
