======================================================================
 Log file: extract_best_f1_20260408_123037.log
 Script : extract_best_f1.py
 Started: 2026-04-08 12:30:37
 CWD    : C:\WINDOWS\System32
======================================================================

[LOG] Logging to: C:\Users\puncu\OneDrive\Máy tính\Similarity to Action\Result 2\logs\extract_best_f1_20260408_123037.log
=== F1 Extraction Tool ===

Selected folder: C:/Users/puncu/OneDrive/Máy tính/Similarity to Action/Result 2/Doc2vec/4
Found 11 CSV file(s): ['1.csv', '10.csv', '11.csv', '2.csv', '3.csv', '4.csv', '5.csv', '6.csv', '7.csv', '8.csv', '9.csv']

Selected option: 1


Output saved to: C:\Users\puncu\OneDrive\Máy tính\Similarity to Action\Result 2\extracted_f1_results.csv
  file  top_k  precision  recall     f1
 1.csv      4     0.4788  0.4813 0.4698
10.csv      3     0.4067  0.2944 0.3358
11.csv      5     0.1100  0.1417 0.1209
 2.csv      4     0.5000  0.5027 0.4907
 3.csv      4     0.5025  0.5047 0.4929
 4.csv      3     0.6083  0.4603 0.5125
 5.csv      4     0.5212  0.5205 0.5101
 6.csv      4     0.4637  0.4660 0.4550
 7.csv      4     0.3825  0.3747 0.3716
 8.csv      3     0.4067  0.2944 0.3358
 9.csv      3     0.4067  0.2944 0.3358

======================================================================
 Finished: 2026-04-08 12:30:42
======================================================================
