======================================================================
 Log file: extract_best_f1_20260424_191649.log
 Script : extract_best_f1.py
 Started: 2026-04-24 19:16:49
 CWD    : C:\WINDOWS\System32
======================================================================

[LOG] Logging to: C:\Users\puncu\OneDrive\Máy tính\Similarity to Action\Result 2\logs\extract_best_f1_20260424_191649.log
=== F1 Extraction Tool ===

Selected folder: C:/Users/puncu/OneDrive/Máy tính/Similarity to Action/Result 2/binary cosine/4
Found 11 CSV file(s): ['1.csv', '10.csv', '11.csv', '2.csv', '3.csv', '4.csv', '5.csv', '6.csv', '7.csv', '8.csv', '9.csv']

Selected option: 1


Output saved to: C:\Users\puncu\OneDrive\Máy tính\Similarity to Action\Result 2\extracted_f1_results.csv
  file  top_k  precision  recall     f1
 1.csv      5     0.5110  0.6395 0.5562
10.csv      4     0.5475  0.5488 0.5361
11.csv      5     0.0510  0.0644 0.0558
 2.csv      4     0.6088  0.6199 0.6003
 3.csv      4     0.6112  0.6224 0.6028
 4.csv      4     0.6112  0.6224 0.6028
 5.csv      4     0.6100  0.6208 0.6014
 6.csv      4     0.6400  0.6458 0.6286
 7.csv      4     0.6350  0.6393 0.6231
 8.csv      4     0.6212  0.6213 0.6078
 9.csv      4     0.5475  0.5488 0.5361

======================================================================
 Finished: 2026-04-24 19:16:55
======================================================================
