======================================================================
 Log file: extract_best_f1_20260424_191804.log
 Script : extract_best_f1.py
 Started: 2026-04-24 19:18:04
 CWD    : C:\WINDOWS\System32
======================================================================

[LOG] Logging to: C:\Users\puncu\OneDrive\Máy tính\Similarity to Action\Result 2\logs\extract_best_f1_20260424_191804.log
=== F1 Extraction Tool ===

Selected folder: C:/Users/puncu/OneDrive/Máy tính/Similarity to Action/Result 2/binary cosine/8
Found 11 CSV file(s): ['1.csv', '10.csv', '11.csv', '2.csv', '3.csv', '4.csv', '5.csv', '6.csv', '7.csv', '8.csv', '9.csv']

Selected option: 1


Output saved to: C:\Users\puncu\OneDrive\Máy tính\Similarity to Action\Result 2\extracted_f1_results.csv
  file  top_k  precision  recall     f1
 1.csv      4     0.6050  0.6178 0.5977
10.csv      3     0.6467  0.4931 0.5470
11.csv      5     0.0510  0.0644 0.0558
 2.csv      4     0.6088  0.6211 0.6012
 3.csv      4     0.6100  0.6223 0.6024
 4.csv      4     0.6100  0.6223 0.6024
 5.csv      3     0.7134  0.5522 0.6082
 6.csv      3     0.7300  0.5624 0.6209
 7.csv      3     0.7284  0.5612 0.6194
 8.csv      3     0.7617  0.5817 0.6448
 9.csv      3     0.7350  0.5582 0.6204

======================================================================
 Finished: 2026-04-24 19:18:09
======================================================================
