======================================================================
 Log file: extract_best_f1_20260424_192613.log
 Script : extract_best_f1.py
 Started: 2026-04-24 19:26:13
 CWD    : C:\WINDOWS\System32
======================================================================

[LOG] Logging to: C:\Users\puncu\OneDrive\Máy tính\Similarity to Action\Result 2\logs\extract_best_f1_20260424_192613.log
=== F1 Extraction Tool ===

Selected folder: C:/Users/puncu/OneDrive/Máy tính/Similarity to Action/Result 2/binary Jaccard/top 7 jaccard
Found 11 CSV file(s): ['1.csv', '10.csv', '11.csv', '2.csv', '3.csv', '4.csv', '5.csv', '6.csv', '7.csv', '8.csv', '9.csv']

Selected option: 1


Output saved to: C:\Users\puncu\OneDrive\Máy tính\Similarity to Action\Result 2\extracted_f1_results.csv
  file  top_k  precision  recall     f1
 1.csv      4     0.6112  0.6238 0.6037
10.csv      3     0.6550  0.4981 0.5533
11.csv      5     0.0510  0.0644 0.0558
 2.csv      4     0.6138  0.6267 0.6064
 3.csv      4     0.6150  0.6292 0.6081
 4.csv      4     0.6125  0.6265 0.6055
 5.csv      3     0.7334  0.5658 0.6243
 6.csv      3     0.7433  0.5704 0.6309
 7.csv      3     0.7617  0.5798 0.6438
 8.csv      3     0.7500  0.5689 0.6326
 9.csv      3     0.6617  0.5023 0.5584

======================================================================
 Finished: 2026-04-24 19:26:18
======================================================================
