======================================================================
 Log file: extract_best_f1_20260408_143737.log
 Script : extract_best_f1.py
 Started: 2026-04-08 14:37:37
 CWD    : C:\WINDOWS\System32
======================================================================

[LOG] Logging to: C:\Users\puncu\OneDrive\Máy tính\Similarity to Action\Result 2\logs\extract_best_f1_20260408_143737.log
=== F1 Extraction Tool ===

Selected folder: C:/Users/puncu/OneDrive/Máy tính/Similarity to Action/Result 2/XGBoost/3
Found 11 CSV file(s): ['1.csv', '10.csv', '11.csv', '2.csv', '3.csv', '4.csv', '5.csv', '6.csv', '7.csv', '8.csv', '9.csv']

Selected option: 1


Output saved to: C:\Users\puncu\OneDrive\Máy tính\Similarity to Action\Result 2\extracted_f1_results.csv
  file  top_k  precision  recall     f1
 1.csv      4     0.5450  0.5603 0.5397
10.csv      3     0.4500  0.3397 0.3787
11.csv      5     0.1100  0.1417 0.1209
 2.csv      4     0.5675  0.5828 0.5618
 3.csv      4     0.5675  0.5794 0.5603
 4.csv      4     0.5637  0.5751 0.5564
 5.csv      4     0.5563  0.5644 0.5477
 6.csv      3     0.6333  0.4828 0.5351
 7.csv      4     0.5288  0.5286 0.5170
 8.csv      4     0.4363  0.4359 0.4269
 9.csv      3     0.4500  0.3397 0.3787

======================================================================
 Finished: 2026-04-08 14:37:48
======================================================================
