======================================================================
 Log file: extract_best_f1_20260424_191729.log
 Script : extract_best_f1.py
 Started: 2026-04-24 19:17:29
 CWD    : C:\WINDOWS\System32
======================================================================

[LOG] Logging to: C:\Users\puncu\OneDrive\Máy tính\Similarity to Action\Result 2\logs\extract_best_f1_20260424_191729.log
=== F1 Extraction Tool ===

Selected folder: C:/Users/puncu/OneDrive/Máy tính/Similarity to Action/Result 2/binary cosine/6
Found 11 CSV file(s): ['1.csv', '10.csv', '11.csv', '2.csv', '3.csv', '4.csv', '5.csv', '6.csv', '7.csv', '8.csv', '9.csv']

Selected option: 1


Output saved to: C:\Users\puncu\OneDrive\Máy tính\Similarity to Action\Result 2\extracted_f1_results.csv
  file  top_k  precision  recall     f1
 1.csv      4     0.5962  0.6069 0.5878
10.csv      3     0.6683  0.5068 0.5633
11.csv      5     0.0510  0.0644 0.0558
 2.csv      4     0.6062  0.6169 0.5977
 3.csv      4     0.6088  0.6194 0.6002
 4.csv      4     0.6088  0.6194 0.6002
 5.csv      3     0.7000  0.5433 0.5973
 6.csv      3     0.7483  0.5728 0.6339
 7.csv      3     0.7567  0.5785 0.6405
 8.csv      3     0.7683  0.5829 0.6479
 9.csv      3     0.6867  0.5196 0.5780

======================================================================
 Finished: 2026-04-24 19:17:35
======================================================================
