======================================================================
 Log file: extract_best_f1_20260408_135222.log
 Script : extract_best_f1.py
 Started: 2026-04-08 13:52:22
 CWD    : C:\WINDOWS\System32
======================================================================

[LOG] Logging to: C:\Users\puncu\OneDrive\Máy tính\Similarity to Action\Result 2\logs\extract_best_f1_20260408_135222.log
=== F1 Extraction Tool ===

Selected folder: C:/Users/puncu/OneDrive/Máy tính/Similarity to Action/Result 2/Logistic/6
Found 11 CSV file(s): ['1.csv', '10.csv', '11.csv', '2.csv', '3.csv', '4.csv', '5.csv', '6.csv', '7.csv', '8.csv', '9.csv']

Selected option: 1


Output saved to: C:\Users\puncu\OneDrive\Máy tính\Similarity to Action\Result 2\extracted_f1_results.csv
  file  top_k  precision  recall     f1
 1.csv      4     0.5850  0.5954 0.5767
10.csv      4     0.4188  0.4142 0.4079
11.csv      5     0.1100  0.1417 0.1209
 2.csv      4     0.5813  0.5924 0.5734
 3.csv      4     0.5850  0.5948 0.5764
 4.csv      3     0.6867  0.5238 0.5809
 5.csv      3     0.6867  0.5209 0.5793
 6.csv      3     0.7183  0.5462 0.6064
 7.csv      3     0.7117  0.5409 0.6003
 8.csv      3     0.6733  0.5092 0.5663
 9.csv      5     0.4370  0.5327 0.4709

======================================================================
 Finished: 2026-04-08 13:52:27
======================================================================
