======================================================================
 Log file: extract_best_f1_20260424_191842.log
 Script : extract_best_f1.py
 Started: 2026-04-24 19:18:42
 CWD    : C:\WINDOWS\System32
======================================================================

[LOG] Logging to: C:\Users\puncu\OneDrive\Máy tính\Similarity to Action\Result 2\logs\extract_best_f1_20260424_191842.log
=== F1 Extraction Tool ===

Selected folder: C:/Users/puncu/OneDrive/Máy tính/Similarity to Action/Result 2/binary cosine/10
Found 11 CSV file(s): ['1.csv', '10.csv', '11.csv', '2.csv', '3.csv', '4.csv', '5.csv', '6.csv', '7.csv', '8.csv', '9.csv']

Selected option: 1


Output saved to: C:\Users\puncu\OneDrive\Máy tính\Similarity to Action\Result 2\extracted_f1_results.csv
  file  top_k  precision  recall     f1
 1.csv      4     0.6200  0.6326 0.6124
10.csv      3     0.6550  0.4963 0.5522
11.csv      5     0.0510  0.0644 0.0558
 2.csv      4     0.6250  0.6381 0.6174
 3.csv      4     0.6262  0.6393 0.6186
 4.csv      4     0.6262  0.6393 0.6186
 5.csv      4     0.6225  0.6356 0.6149
 6.csv      4     0.6262  0.6382 0.6181
 7.csv      3     0.7300  0.5593 0.6191
 8.csv      3     0.7417  0.5657 0.6274
 9.csv      3     0.7633  0.5783 0.6435

======================================================================
 Finished: 2026-04-24 19:18:46
======================================================================
