======================================================================
 Log file: extract_best_f1_20260424_222353.log
 Script : extract_best_f1.py
 Started: 2026-04-24 22:23:53
 CWD    : C:\WINDOWS\System32
======================================================================

[LOG] Logging to: C:\Users\puncu\OneDrive\Máy tính\Similarity to Action\Result 2\logs\extract_best_f1_20260424_222353.log
=== F1 Extraction Tool ===

Selected folder: C:/Users/puncu/OneDrive/Máy tính/Similarity to Action/Result 2/binary cosine 2/4
Found 11 CSV file(s): ['1.csv', '10.csv', '11.csv', '2.csv', '3.csv', '4.csv', '5.csv', '6.csv', '7.csv', '8.csv', '9.csv']

Selected option: 1


Output saved to: C:\Users\puncu\OneDrive\Máy tính\Similarity to Action\Result 2\extracted_f1_results.csv
  file  top_k  precision  recall     f1
 1.csv      4     0.5663  0.5730 0.5566
10.csv      3     0.6433  0.4863 0.5412
11.csv      5     0.0510  0.0644 0.0558
 2.csv      3     0.6833  0.5280 0.5812
 3.csv      3     0.6833  0.5280 0.5812
 4.csv      3     0.6833  0.5280 0.5812
 5.csv      3     0.7050  0.5431 0.5989
 6.csv      3     0.7267  0.5571 0.6158
 7.csv      4     0.6275  0.6287 0.6142
 8.csv      4     0.5913  0.5893 0.5774
 9.csv      3     0.6433  0.4863 0.5412

======================================================================
 Finished: 2026-04-24 22:23:58
======================================================================
