======================================================================
 Log file: extract_best_f1_20260424_192520.log
 Script : extract_best_f1.py
 Started: 2026-04-24 19:25:20
 CWD    : C:\WINDOWS\System32
======================================================================

[LOG] Logging to: C:\Users\puncu\OneDrive\Máy tính\Similarity to Action\Result 2\logs\extract_best_f1_20260424_192520.log
=== F1 Extraction Tool ===

Selected folder: C:/Users/puncu/OneDrive/Máy tính/Similarity to Action/Result 2/binary Jaccard/top 3 jaccard
Found 11 CSV file(s): ['1.csv', '10.csv', '11.csv', '2.csv', '3.csv', '4.csv', '5.csv', '6.csv', '7.csv', '8.csv', '9.csv']

Selected option: 1


Output saved to: C:\Users\puncu\OneDrive\Máy tính\Similarity to Action\Result 2\extracted_f1_results.csv
  file  top_k  precision  recall     f1
 1.csv      5     0.5110  0.6388 0.5558
10.csv      4     0.5200  0.5195 0.5084
11.csv      5     0.0510  0.0644 0.0558
 2.csv      4     0.5962  0.6003 0.5849
 3.csv      4     0.6038  0.6098 0.5933
 4.csv      4     0.6025  0.6086 0.5920
 5.csv      4     0.6000  0.6048 0.5891
 6.csv      4     0.6112  0.6106 0.5978
 7.csv      4     0.5850  0.5829 0.5714
 8.csv      4     0.5300  0.5306 0.5187
 9.csv      4     0.5200  0.5195 0.5084

======================================================================
 Finished: 2026-04-24 19:25:26
======================================================================
