======================================================================
 Log file: extract_best_f1_20260424_210527.log
 Script : extract_best_f1.py
 Started: 2026-04-24 21:05:27
 CWD    : C:\WINDOWS\System32
======================================================================

[LOG] Logging to: C:\Users\puncu\OneDrive\Máy tính\Similarity to Action\Result 2\logs\extract_best_f1_20260424_210527.log
=== F1 Extraction Tool ===

Selected folder: C:/Users/puncu/OneDrive/Máy tính/Similarity to Action/Result 2/binary cosine 2/7
Found 11 CSV file(s): ['1.csv', '10.csv', '11.csv', '2.csv', '3.csv', '4.csv', '5.csv', '6.csv', '7.csv', '8.csv', '9.csv']

Selected option: 1


Output saved to: C:\Users\puncu\OneDrive\Máy tính\Similarity to Action\Result 2\extracted_f1_results.csv
  file  top_k  precision  recall     f1
 1.csv      4     0.5925  0.6002 0.5830
10.csv      3     0.6583  0.4989 0.5550
11.csv      5     0.0510  0.0644 0.0558
 2.csv      3     0.6967  0.5400 0.5941
 3.csv      3     0.6967  0.5400 0.5941
 4.csv      3     0.6967  0.5400 0.5941
 5.csv      3     0.7067  0.5480 0.6028
 6.csv      3     0.7333  0.5643 0.6230
 7.csv      3     0.7517  0.5746 0.6363
 8.csv      3     0.7583  0.5773 0.6408
 9.csv      4     0.5913  0.5909 0.5784

======================================================================
 Finished: 2026-04-24 21:05:41
======================================================================
