======================================================================
 Log file: extract_best_f1_20260408_143817.log
 Script : extract_best_f1.py
 Started: 2026-04-08 14:38:17
 CWD    : C:\WINDOWS\System32
======================================================================

[LOG] Logging to: C:\Users\puncu\OneDrive\Máy tính\Similarity to Action\Result 2\logs\extract_best_f1_20260408_143817.log
=== F1 Extraction Tool ===

Selected folder: C:/Users/puncu/OneDrive/Máy tính/Similarity to Action/Result 2/XGBoost/5
Found 11 CSV file(s): ['1.csv', '10.csv', '11.csv', '2.csv', '3.csv', '4.csv', '5.csv', '6.csv', '7.csv', '8.csv', '9.csv']

Selected option: 1


Output saved to: C:\Users\puncu\OneDrive\Máy tính\Similarity to Action\Result 2\extracted_f1_results.csv
  file  top_k  precision  recall     f1
 1.csv      5     0.5020  0.6383 0.5498
10.csv      3     0.4867  0.3677 0.4097
11.csv      5     0.1100  0.1417 0.1209
 2.csv      4     0.5737  0.5908 0.5686
 3.csv      4     0.5775  0.5955 0.5726
 4.csv      4     0.5713  0.5869 0.5654
 5.csv      4     0.5725  0.5843 0.5650
 6.csv      4     0.5787  0.5862 0.5692
 7.csv      4     0.5687  0.5748 0.5589
 8.csv      4     0.5487  0.5523 0.5383
 9.csv      4     0.4363  0.4383 0.4279

======================================================================
 Finished: 2026-04-08 14:38:27
======================================================================
