======================================================================
 Log file: extract_best_f1_20260408_135142.log
 Script : extract_best_f1.py
 Started: 2026-04-08 13:51:42
 CWD    : C:\WINDOWS\System32
======================================================================

[LOG] Logging to: C:\Users\puncu\OneDrive\Máy tính\Similarity to Action\Result 2\logs\extract_best_f1_20260408_135142.log
=== F1 Extraction Tool ===

Selected folder: C:/Users/puncu/OneDrive/Máy tính/Similarity to Action/Result 2/Logistic/3
Found 11 CSV file(s): ['1.csv', '10.csv', '11.csv', '2.csv', '3.csv', '4.csv', '5.csv', '6.csv', '7.csv', '8.csv', '9.csv']

Selected option: 1


Output saved to: C:\Users\puncu\OneDrive\Máy tính\Similarity to Action\Result 2\extracted_f1_results.csv
  file  top_k  precision  recall     f1
 1.csv      4     0.5737  0.5907 0.5684
10.csv      3     0.4683  0.3489 0.3914
11.csv      5     0.1100  0.1417 0.1209
 2.csv      4     0.5950  0.6085 0.5879
 3.csv      4     0.5950  0.6085 0.5879
 4.csv      4     0.5938  0.6068 0.5865
 5.csv      4     0.5887  0.6002 0.5807
 6.csv      4     0.5900  0.5966 0.5800
 7.csv      4     0.5563  0.5606 0.5458
 8.csv      4     0.4688  0.4672 0.4578
 9.csv      3     0.4683  0.3489 0.3914

======================================================================
 Finished: 2026-04-08 13:51:51
======================================================================
