======================================================================
 Log file: extract_best_f1_20260424_222456.log
 Script : extract_best_f1.py
 Started: 2026-04-24 22:24:56
 CWD    : C:\WINDOWS\System32
======================================================================

[LOG] Logging to: C:\Users\puncu\OneDrive\Máy tính\Similarity to Action\Result 2\logs\extract_best_f1_20260424_222456.log
=== F1 Extraction Tool ===

Selected folder: C:/Users/puncu/OneDrive/Máy tính/Similarity to Action/Result 2/binary cosine 2/10
Found 11 CSV file(s): ['1.csv', '10.csv', '11.csv', '2.csv', '3.csv', '4.csv', '5.csv', '6.csv', '7.csv', '8.csv', '9.csv']

Selected option: 1


Output saved to: C:\Users\puncu\OneDrive\Máy tính\Similarity to Action\Result 2\extracted_f1_results.csv
  file  top_k  precision  recall     f1
 1.csv      4     0.6050  0.6162 0.5967
10.csv      3     0.6650  0.5049 0.5611
11.csv      5     0.0510  0.0644 0.0558
 2.csv      4     0.6100  0.6211 0.6016
 3.csv      4     0.6100  0.6211 0.6016
 4.csv      4     0.6088  0.6198 0.6004
 5.csv      3     0.7050  0.5478 0.6019
 6.csv      3     0.7217  0.5583 0.6148
 7.csv      3     0.7417  0.5703 0.6298
 8.csv      3     0.7633  0.5838 0.6464
 9.csv      3     0.7567  0.5767 0.6395

======================================================================
 Finished: 2026-04-24 22:24:59
======================================================================
