======================================================================
 Log file: extract_best_f1_20260424_205054.log
 Script : extract_best_f1.py
 Started: 2026-04-24 20:50:54
 CWD    : C:\WINDOWS\System32
======================================================================

[LOG] Logging to: C:\Users\puncu\OneDrive\Máy tính\Similarity to Action\Result 2\logs\extract_best_f1_20260424_205054.log
=== F1 Extraction Tool ===

Selected folder: C:/Users/puncu/OneDrive/Máy tính/Similarity to Action/Result 2/binary cosine sim
Found 66 CSV file(s): ['1.csv', '10.csv', '11.csv', '12.csv', '13.csv', '14.csv', '15.csv', '16.csv', '17.csv', '18.csv', '19.csv', '2.csv', '20.csv', '21.csv', '22.csv', '23.csv', '24.csv', '25.csv', '26.csv', '27.csv', '28.csv', '29.csv', '3.csv', '30.csv', '31.csv', '32.csv', '33.csv', '34.csv', '35.csv', '36.csv', '37.csv', '38.csv', '39.csv', '4.csv', '40.csv', '41.csv', '42.csv', '43.csv', '44.csv', '45.csv', '46.csv', '47.csv', '48.csv', '49.csv', '5.csv', '50.csv', '51.csv', '52.csv', '53.csv', '54.csv', '55.csv', '56.csv', '57.csv', '58.csv', '59.csv', '6.csv', '60.csv', '61.csv', '62.csv', '63.csv', '64.csv', '65.csv', '66.csv', '7.csv', '8.csv', '9.csv']

Selected option: 1


Output saved to: C:\Users\puncu\OneDrive\Máy tính\Similarity to Action\Result 2\extracted_f1_results.csv
  file  top_k  precision  recall     f1
 1.csv      5     0.5140  0.6408 0.5591
10.csv      4     0.5425  0.5465 0.5326
11.csv      4     0.5288  0.5260 0.5161
12.csv      4     0.5750  0.5767 0.5638
13.csv      4     0.5663  0.5698 0.5558
14.csv      4     0.5687  0.5742 0.5591
15.csv      4     0.5700  0.5769 0.5610
16.csv      4     0.5737  0.5834 0.5659
17.csv      3     0.6617  0.5084 0.5617
18.csv      3     0.6550  0.5007 0.5545
19.csv      3     0.6550  0.5027 0.5558
 2.csv      4     0.5687  0.5749 0.5595
20.csv      3     0.6583  0.5102 0.5609
21.csv      3     0.6417  0.4956 0.5459
22.csv      4     0.5887  0.5890 0.5764
23.csv      4     0.5837  0.5838 0.5714
24.csv      4     0.5850  0.5872 0.5737
25.csv      4     0.5975  0.6015 0.5864
26.csv      4     0.5900  0.5970 0.5800
27.csv      4     0.5913  0.5991 0.5815
28.csv      4     0.6025  0.6082 0.5917
29.csv      3     0.6817  0.5250 0.5789
 3.csv      4     0.5675  0.5779 0.5599
30.csv      3     0.6750  0.5176 0.5720
31.csv      4     0.5975  0.5994 0.5858
32.csv      4     0.5988  0.5984 0.5859
33.csv      4     0.6188  0.6235 0.6074
34.csv      4     0.6075  0.6105 0.5957
35.csv      4     0.6050  0.6088 0.5934
36.csv      4     0.6088  0.6124 0.5968
37.csv      3     0.7150  0.5497 0.6065
38.csv      3     0.6933  0.5253 0.5843
39.csv      4     0.6175  0.6194 0.6049
 4.csv      4     0.5650  0.5733 0.5566
40.csv      4     0.6188  0.6216 0.6066
41.csv      4     0.6200  0.6234 0.6081
42.csv      4     0.6125  0.6148 0.6001
43.csv      3     0.7133  0.5477 0.6049
44.csv      3     0.7083  0.5425 0.6000
45.csv      3     0.6900  0.5252 0.5826
46.csv      4     0.6250  0.6273 0.6123
47.csv      4     0.6238  0.6292 0.6124
48.csv      3     0.7233  0.5549 0.6134
49.csv      4     0.6300  0.6358 0.6188
 5.csv      4     0.5663  0.5745 0.5578
50.csv      3     0.7233  0.5542 0.6127
51.csv      3     0.6967  0.5305 0.5883
52.csv      4     0.6362  0.6425 0.6250
53.csv      3     0.7367  0.5645 0.6244
54.csv      4     0.6325  0.6363 0.6205
55.csv      3     0.7217  0.5533 0.6114
56.csv      3     0.7083  0.5395 0.5983
57.csv      3     0.7417  0.5634 0.6262
58.csv      3     0.7483  0.5722 0.6336
59.csv      3     0.7350  0.5620 0.6220
 6.csv      3     0.6517  0.5048 0.5559
60.csv      3     0.7133  0.5432 0.6026
61.csv      3     0.7467  0.5675 0.6306
62.csv      3     0.7400  0.5638 0.6254
63.csv      3     0.7317  0.5572 0.6180
64.csv      4     0.6338  0.6413 0.6233
65.csv      3     0.7383  0.5608 0.6230
66.csv      3     0.7383  0.5538 0.6194
 7.csv      3     0.6367  0.4928 0.5427
 8.csv      3     0.6350  0.4869 0.5386
 9.csv      5     0.4880  0.6099 0.5311

======================================================================
 Finished: 2026-04-24 20:51:02
======================================================================
