======================================================================
 Log file: extract_best_f1_20260424_191714.log
 Script : extract_best_f1.py
 Started: 2026-04-24 19:17:14
 CWD    : C:\WINDOWS\System32
======================================================================

[LOG] Logging to: C:\Users\puncu\OneDrive\Máy tính\Similarity to Action\Result 2\logs\extract_best_f1_20260424_191714.log
=== F1 Extraction Tool ===

Selected folder: C:/Users/puncu/OneDrive/Máy tính/Similarity to Action/Result 2/binary cosine/5
Found 11 CSV file(s): ['1.csv', '10.csv', '11.csv', '2.csv', '3.csv', '4.csv', '5.csv', '6.csv', '7.csv', '8.csv', '9.csv']

Selected option: 1


Output saved to: C:\Users\puncu\OneDrive\Máy tính\Similarity to Action\Result 2\extracted_f1_results.csv
  file  top_k  precision  recall     f1
 1.csv      4     0.5813  0.5814 0.5691
10.csv      3     0.6483  0.4833 0.5422
11.csv      5     0.0510  0.0644 0.0558
 2.csv      5     0.5460  0.6865 0.5956
 3.csv      5     0.5480  0.6890 0.5978
 4.csv      5     0.5480  0.6890 0.5978
 5.csv      3     0.7033  0.5321 0.5927
 6.csv      3     0.7283  0.5478 0.6119
 7.csv      3     0.7383  0.5538 0.6194
 8.csv      3     0.7400  0.5519 0.6189
 9.csv      3     0.6533  0.4863 0.5460

======================================================================
 Finished: 2026-04-24 19:17:20
======================================================================
