======================================================================
 Log file: extract_best_f1_20260408_122851.log
 Script : extract_best_f1.py
 Started: 2026-04-08 12:28:51
 CWD    : C:\WINDOWS\System32
======================================================================

[LOG] Logging to: C:\Users\puncu\OneDrive\Máy tính\Similarity to Action\Result 2\logs\extract_best_f1_20260408_122851.log
=== F1 Extraction Tool ===

Selected folder: C:/Users/puncu/OneDrive/Máy tính/Similarity to Action/Result 2/Doc2vec/9
Found 11 CSV file(s): ['1.csv', '10.csv', '11.csv', '2.csv', '3.csv', '4.csv', '5.csv', '6.csv', '7.csv', '8.csv', '9.csv']

Selected option: 1


Output saved to: C:\Users\puncu\OneDrive\Máy tính\Similarity to Action\Result 2\extracted_f1_results.csv
  file  top_k  precision  recall     f1
 1.csv      4     0.5325  0.5410 0.5250
10.csv      3     0.4950  0.3667 0.4129
11.csv      5     0.1100  0.1417 0.1209
 2.csv      4     0.5500  0.5603 0.5429
 3.csv      4     0.5650  0.5726 0.5564
 4.csv      4     0.5787  0.5852 0.5692
 5.csv      4     0.5925  0.5973 0.5818
 6.csv      4     0.6012  0.6052 0.5901
 7.csv      4     0.5837  0.5903 0.5741
 8.csv      3     0.5767  0.4478 0.4921
 9.csv      3     0.4950  0.3667 0.4129

======================================================================
 Finished: 2026-04-08 12:29:08
======================================================================
