======================================================================
 Log file: extract_best_f1_20260424_191613.log
 Script : extract_best_f1.py
 Started: 2026-04-24 19:16:13
 CWD    : C:\WINDOWS\System32
======================================================================

[LOG] Logging to: C:\Users\puncu\OneDrive\Máy tính\Similarity to Action\Result 2\logs\extract_best_f1_20260424_191613.log
=== F1 Extraction Tool ===

Selected folder: C:/Users/puncu/OneDrive/Máy tính/Similarity to Action/Result 2/binary cosine/3
Found 11 CSV file(s): ['1.csv', '10.csv', '11.csv', '2.csv', '3.csv', '4.csv', '5.csv', '6.csv', '7.csv', '8.csv', '9.csv']

Selected option: 1


Output saved to: C:\Users\puncu\OneDrive\Máy tính\Similarity to Action\Result 2\extracted_f1_results.csv
  file  top_k  precision  recall     f1
 1.csv      5     0.5200  0.6503 0.5656
10.csv      4     0.5350  0.5375 0.5241
11.csv      5     0.0510  0.0644 0.0558
 2.csv      4     0.6212  0.6303 0.6114
 3.csv      4     0.6238  0.6328 0.6139
 4.csv      4     0.6238  0.6328 0.6139
 5.csv      4     0.6212  0.6298 0.6112
 6.csv      4     0.6375  0.6416 0.6252
 7.csv      4     0.6250  0.6255 0.6115
 8.csv      4     0.5687  0.5691 0.5563
 9.csv      4     0.5350  0.5375 0.5241

======================================================================
 Finished: 2026-04-24 19:16:23
======================================================================
