======================================================================
 Log file: extract_best_f1_20260408_143801.log
 Script : extract_best_f1.py
 Started: 2026-04-08 14:38:01
 CWD    : C:\WINDOWS\System32
======================================================================

[LOG] Logging to: C:\Users\puncu\OneDrive\Máy tính\Similarity to Action\Result 2\logs\extract_best_f1_20260408_143801.log
=== F1 Extraction Tool ===

Selected folder: C:/Users/puncu/OneDrive/Máy tính/Similarity to Action/Result 2/XGBoost/4
Found 11 CSV file(s): ['1.csv', '10.csv', '11.csv', '2.csv', '3.csv', '4.csv', '5.csv', '6.csv', '7.csv', '8.csv', '9.csv']

Selected option: 1


Output saved to: C:\Users\puncu\OneDrive\Máy tính\Similarity to Action\Result 2\extracted_f1_results.csv
  file  top_k  precision  recall     f1
 1.csv      4     0.5500  0.5642 0.5441
10.csv      3     0.4767  0.3597 0.4011
11.csv      5     0.1100  0.1417 0.1209
 2.csv      4     0.5650  0.5822 0.5600
 3.csv      4     0.5700  0.5855 0.5642
 4.csv      4     0.5675  0.5811 0.5609
 5.csv      4     0.5637  0.5745 0.5560
 6.csv      4     0.5713  0.5775 0.5614
 7.csv      4     0.5575  0.5629 0.5476
 8.csv      4     0.5200  0.5192 0.5086
 9.csv      3     0.4767  0.3597 0.4011

======================================================================
 Finished: 2026-04-08 14:38:05
======================================================================
