======================================================================
 Log file: extract_best_f1_20260408_143948.log
 Script : extract_best_f1.py
 Started: 2026-04-08 14:39:48
 CWD    : C:\WINDOWS\System32
======================================================================

[LOG] Logging to: C:\Users\puncu\OneDrive\Máy tính\Similarity to Action\Result 2\logs\extract_best_f1_20260408_143948.log
=== F1 Extraction Tool ===

Selected folder: C:/Users/puncu/OneDrive/Máy tính/Similarity to Action/Result 2/XGBoost/8
Found 11 CSV file(s): ['1.csv', '10.csv', '11.csv', '2.csv', '3.csv', '4.csv', '5.csv', '6.csv', '7.csv', '8.csv', '9.csv']

Selected option: 1


Output saved to: C:\Users\puncu\OneDrive\Máy tính\Similarity to Action\Result 2\extracted_f1_results.csv
  file  top_k  precision  recall     f1
 1.csv      4     0.5725  0.5863 0.5660
10.csv      4     0.4250  0.4242 0.4158
11.csv      5     0.1100  0.1417 0.1209
 2.csv      5     0.5240  0.6641 0.5732
 3.csv      5     0.5270  0.6660 0.5758
 4.csv      5     0.5280  0.6681 0.5771
 5.csv      4     0.5863  0.5980 0.5786
 6.csv      4     0.5825  0.5908 0.5734
 7.csv      4     0.5775  0.5859 0.5685
 8.csv      4     0.5700  0.5750 0.5596
 9.csv      4     0.5275  0.5262 0.5158

======================================================================
 Finished: 2026-04-08 14:39:52
======================================================================
